
> nextn@0.1.0 test:rules
> jest __tests__/firestore.rules.test.ts

node.exe : C:\Users\jange\OneDrive - Freym PC\Aplicaciones\fpc -next.js\feedbacks\feedbacks\jest.config.js:2
En C:\Program Files\nodejs\npm.ps1: 29 Carácter: 3
+   & $NODE_EXE $NPM_CLI_JS $args
+   ~~~~~~~~~~~~~~~~~~~~~~~~~~~~~
    + CategoryInfo          : NotSpecified: (C:\Users\jange\...est.config.js:2:String) [], RemoteException
    + FullyQualifiedErrorId : NativeCommandError
 
  "preset": "ts-jest",
          ^

SyntaxError: Unexpected token ':'
    at wrapSafe (node:internal/modules/cjs/loader:1666:18)
    at Module._compile (node:internal/modules/cjs/loader:1708:20)
    at Object..js (node:internal/modules/cjs/loader:1899:10)
    at Module.load (node:internal/modules/cjs/loader:1469:32)
    at Module._load (node:internal/modules/cjs/loader:1286:12)
    at TracingChannel.traceSync (node:diagnostics_channel:322:14)
    at wrapModuleLoad (node:internal/modules/cjs/loader:235:24)
    at Module.require (node:internal/modules/cjs/loader:1491:12)
    at require (node:internal/modules/helpers:135:16)
    at requireOrImportModule (C:\Users\jange\OneDrive - Freym PC\Aplicaciones\fpc 
-next.js\feedbacks\feedbacks\node_modules\jest-util\build\index.js:1010:28)
